[19:52:49.524][INFO][CraftTweaker-EarlyInit]: CraftTweaker is running on a Minecraft 1.20.1 production server modded with platform Forge
[19:52:49.541][INFO][CraftTweaker-EarlyInit]: Successfully injected RecipeFS file system
[19:52:49.589][INFO][CraftTweaker-Plugins]: Successfully identified and loaded plugin jeitweaker:common
[19:52:49.610][INFO][CraftTweaker-Plugins]: Successfully identified and loaded plugin crafttweaker:builtin
[19:52:49.610][INFO][CraftTweaker-Plugins]: Successfully identified and loaded plugin crafttweaker:builtin_forge
[19:52:49.614][INFO][CraftTweaker-Plugins]: Successfully identified and loaded plugin farmersdelight:crafttweaker_plugin
[19:52:49.640][INFO][JEITweaker]: Identified JeiTweaker plugin 'jeitweaker:forge': loading scheduled
[19:52:49.640][INFO][JEITweaker]: Identified JeiTweaker plugin 'jeitweaker:common': loading scheduled
[19:52:49.646][INFO][JEITweaker]: JEITweaker Environmental Check: the combination of mods [jei] is fully supported
[19:52:49.646][INFO][JEITweaker]: Running JeiTweaker plugin initialization
[19:52:49.659][INFO][JEITweaker]: JeiTweaker plugin initialization completed successfully
[19:52:50.781][INFO][CraftTweaker]: The following mods have explicit CraftTweaker support through the default plugin:
[19:52:50.784][INFO][CraftTweaker]: - 'aquaculture' at version '2.5.7'
[19:52:50.785][INFO][CraftTweaker]: - 'crafttweaker' at version '14.0.60'
[19:52:50.785][INFO][CraftTweaker]: - 'farmersdelight' at version '1.20.1-1.3.2'
[19:52:50.786][INFO][CraftTweaker]: - 'gateways' at version '4.2.6'
[19:52:50.786][INFO][CraftTweaker]: - 'jeitweaker' at version '8.0.6'
[19:53:05.689][INFO][CraftTweaker-ZenCode]: Started loading scripts for loader 'initialize'
[19:53:06.485][INFO][CraftTweaker-ZenCode]: Compiling and executing scripts
[19:53:06.548][INFO][CraftTweaker-ZenCode]: Successfully initialized modules [crafttweaker, expansions]
[19:53:06.747][INFO][CraftTweaker-ZenCode]: Execution for loader 'initialize' completed successfully
[19:53:19.764][INFO][CraftTweaker-ZenCode]: Started loading scripts for loader 'tags'
[19:53:19.856][INFO][CraftTweaker-ZenCode]: Compiling and executing scripts
[19:53:19.923][INFO][CraftTweaker-ZenCode]: Successfully initialized modules [crafttweaker, expansions]
[19:53:19.963][INFO][CraftTweaker-ZenCode]: Execution for loader 'tags' completed successfully
[19:53:24.001][INFO][CraftTweaker]: crafttweaker.reload.start
[19:53:24.022][INFO][CraftTweaker-ZenCode]: Started loading scripts for loader 'crafttweaker'
[19:53:24.092][INFO][CraftTweaker-ZenCode]: Compiling and executing scripts
[19:53:24.773][INFO][CraftTweaker-ZenCode]: Successfully initialized modules [mods, crafttweaker, expansions]
[19:53:24.774][INFO][CraftTweaker-ZenCode]: Loading file 'beefconversion.zs' with priority 0
[19:53:24.774][INFO][CraftTweaker-ZenCode]: Loading file 'cobbleconversion.zs' with priority 0
[19:53:24.775][INFO][CraftTweaker-ZenCode]: Loading file 'craftingtableconvert.zs' with priority 0
[19:53:24.776][INFO][CraftTweaker-ZenCode]: Loading file 'disabled.zs' with priority 0
[19:53:24.780][INFO][CraftTweaker-ZenCode]: Loading file 'flint.zs' with priority 0
[19:53:24.783][INFO][CraftTweaker-ZenCode]: Loading file 'fuel_fix.zs' with priority 0
[19:53:24.785][INFO][CraftTweaker-ZenCode]: Loading file 'hide_jei.zs' with priority 0
[19:53:24.794][INFO][CraftTweaker-ZenCode]: Loading file 'netheritescrap.zs' with priority 0
[19:53:24.795][INFO][CraftTweaker-ZenCode]: Loading file 'sandconversion.zs' with priority 0
[19:53:24.972][INFO][CraftTweaker]: Adding 'minecraft:crafting' recipe, of type: "shapeless", with name: 'crafttweaker:beeftocara' that outputs: '<item:blue_skies:carabeef>'
[19:53:24.972][INFO][CraftTweaker]: Adding 'minecraft:crafting' recipe, of type: "shapeless", with name: 'crafttweaker:caratobeef' that outputs: '<item:minecraft:beef>'
[19:53:24.973][INFO][CraftTweaker]: Adding 'minecraft:crafting' recipe, of type: "shapeless", with name: 'crafttweaker:beeftomonitor' that outputs: '<item:blue_skies:monitor_tail>'
[19:53:24.973][INFO][CraftTweaker]: Adding 'minecraft:crafting' recipe, of type: "shapeless", with name: 'crafttweaker:monitortobeef' that outputs: '<item:minecraft:beef>'
[19:53:24.973][INFO][CraftTweaker]: Adding 'minecraft:crafting' recipe, of type: "shapeless", with name: 'crafttweaker:beeftovenison' that outputs: '<item:blue_skies:venison>'
[19:53:24.973][INFO][CraftTweaker]: Adding 'minecraft:crafting' recipe, of type: "shapeless", with name: 'crafttweaker:venisontobeef' that outputs: '<item:minecraft:beef>'
[19:53:24.973][INFO][CraftTweaker]: Adding 'minecraft:crafting' recipe, of type: "shapeless", with name: 'crafttweaker:sweettobrew' that outputs: '<item:blue_skies:brewberry>'
[19:53:24.974][INFO][CraftTweaker]: Adding 'minecraft:crafting' recipe, of type: "shapeless", with name: 'crafttweaker:brewtosweet' that outputs: '<item:minecraft:sweet_berries>'
[19:53:24.974][INFO][CraftTweaker]: Adding 'minecraft:crafting' recipe, of type: "shapeless", with name: 'crafttweaker:beeftotalker' that outputs: '<item:outer_end:stalker_meat>'
[19:53:24.974][INFO][CraftTweaker]: Adding 'minecraft:crafting' recipe, of type: "shapeless", with name: 'crafttweaker:stalkertobeef' that outputs: '<item:minecraft:beef>'
[19:53:24.974][INFO][CraftTweaker]: Adding 'minecraft:crafting' recipe, of type: "shapeless", with name: 'crafttweaker:beeftotvenison' that outputs: '<item:twilightforest:raw_venison>'
[19:53:24.974][INFO][CraftTweaker]: Adding 'minecraft:crafting' recipe, of type: "shapeless", with name: 'crafttweaker:tvenisontobeef' that outputs: '<item:minecraft:beef>'
[19:53:24.975][INFO][CraftTweaker]: Adding 'minecraft:crafting' recipe, of type: "shapeless", with name: 'crafttweaker:granitetocobble' that outputs: '<item:minecraft:cobblestone>'
[19:53:24.975][INFO][CraftTweaker]: Adding 'minecraft:crafting' recipe, of type: "shapeless", with name: 'crafttweaker:dioritetocobble' that outputs: '<item:minecraft:cobblestone>'
[19:53:24.975][INFO][CraftTweaker]: Adding 'minecraft:crafting' recipe, of type: "shapeless", with name: 'crafttweaker:andesitetocobble' that outputs: '<item:minecraft:cobblestone>'
[19:53:24.975][INFO][CraftTweaker]: Adding 'minecraft:crafting' recipe, of type: "shapeless", with name: 'crafttweaker:deepslatetocobble' that outputs: '<item:minecraft:cobblestone>'
[19:53:24.976][INFO][CraftTweaker]: Adding 'minecraft:crafting' recipe, of type: "shapeless", with name: 'crafttweaker:cobbledeepslatetocobble' that outputs: '<item:minecraft:cobblestone>'
[19:53:24.976][INFO][CraftTweaker]: Adding 'minecraft:crafting' recipe, of type: "shapeless", with name: 'crafttweaker:basalttocobble' that outputs: '<item:minecraft:cobblestone>'
[19:53:24.976][INFO][CraftTweaker]: Adding 'minecraft:crafting' recipe, of type: "shapeless", with name: 'crafttweaker:blackstonetocobble' that outputs: '<item:minecraft:cobblestone>'
[19:53:24.976][INFO][CraftTweaker]: Adding 'minecraft:crafting' recipe, of type: "shapeless", with name: 'crafttweaker:gildedblackstonetocobble' that outputs: '<item:minecraft:cobblestone>'
[19:53:24.976][INFO][CraftTweaker]: Adding 'minecraft:crafting' recipe, of type: "shapeless", with name: 'crafttweaker:depthtocobble' that outputs: '<item:minecraft:cobblestone>'
[19:53:24.977][INFO][CraftTweaker]: Adding 'minecraft:crafting' recipe, of type: "shapeless", with name: 'crafttweaker:shivertocobble' that outputs: '<item:minecraft:cobblestone>'
[19:53:24.977][INFO][CraftTweaker]: Adding 'minecraft:crafting' recipe, of type: "shapeless", with name: 'crafttweaker:violitetocobble' that outputs: '<item:minecraft:cobblestone>'
[19:53:24.977][INFO][CraftTweaker]: Adding 'minecraft:crafting' recipe, of type: "shapeless", with name: 'crafttweaker:stromatolitetocobble' that outputs: '<item:minecraft:cobblestone>'
[19:53:24.977][INFO][CraftTweaker]: Adding 'minecraft:crafting' recipe, of type: "shapeless", with name: 'crafttweaker:halitetocobble' that outputs: '<item:minecraft:cobblestone>'
[19:53:24.977][INFO][CraftTweaker]: Adding 'minecraft:crafting' recipe, of type: "shapeless", with name: 'crafttweaker:ancientstonetocobble' that outputs: '<item:minecraft:cobblestone>'
[19:53:24.978][INFO][CraftTweaker]: Adding 'minecraft:crafting' recipe, of type: "shapeless", with name: 'crafttweaker:aspentonormal' that outputs: '<item:minecraft:crafting_table>'
[19:53:24.978][INFO][CraftTweaker]: Adding 'minecraft:crafting' recipe, of type: "shapeless", with name: 'crafttweaker:baobabtonormal' that outputs: '<item:minecraft:crafting_table>'
[19:53:24.978][INFO][CraftTweaker]: Adding 'minecraft:crafting' recipe, of type: "shapeless", with name: 'crafttweaker:benchantedtonormal' that outputs: '<item:minecraft:crafting_table>'
[19:53:24.978][INFO][CraftTweaker]: Adding 'minecraft:crafting' recipe, of type: "shapeless", with name: 'crafttweaker:cikatonormal' that outputs: '<item:minecraft:crafting_table>'
[19:53:24.979][INFO][CraftTweaker]: Adding 'minecraft:crafting' recipe, of type: "shapeless", with name: 'crafttweaker:cypresstonormal' that outputs: '<item:minecraft:crafting_table>'
[19:53:24.979][INFO][CraftTweaker]: Adding 'minecraft:crafting' recipe, of type: "shapeless", with name: 'crafttweaker:ebonytonormal' that outputs: '<item:minecraft:crafting_table>'
[19:53:24.979][INFO][CraftTweaker]: Adding 'minecraft:crafting' recipe, of type: "shapeless", with name: 'crafttweaker:firtonormal' that outputs: '<item:minecraft:crafting_table>'
[19:53:24.979][INFO][CraftTweaker]: Adding 'minecraft:crafting' recipe, of type: "shapeless", with name: 'crafttweaker:florustonormal' that outputs: '<item:minecraft:crafting_table>'
[19:53:24.979][INFO][CraftTweaker]: Adding 'minecraft:crafting' recipe, of type: "shapeless", with name: 'crafttweaker:genchantedtonormal' that outputs: '<item:minecraft:crafting_table>'
[19:53:24.980][INFO][CraftTweaker]: Adding 'minecraft:crafting' recipe, of type: "shapeless", with name: 'crafttweaker:hollytonormal' that outputs: '<item:minecraft:crafting_table>'
[19:53:24.980][INFO][CraftTweaker]: Adding 'minecraft:crafting' recipe, of type: "shapeless", with name: 'crafttweaker:ironwoodtonormal' that outputs: '<item:minecraft:crafting_table>'
[19:53:24.980][INFO][CraftTweaker]: Adding 'minecraft:crafting' recipe, of type: "shapeless", with name: 'crafttweaker:jacarandatonormal' that outputs: '<item:minecraft:crafting_table>'
[19:53:24.980][INFO][CraftTweaker]: Adding 'minecraft:crafting' recipe, of type: "shapeless", with name: 'crafttweaker:mahoganytonormal' that outputs: '<item:minecraft:crafting_table>'
[19:53:24.980][INFO][CraftTweaker]: Adding 'minecraft:crafting' recipe, of type: "shapeless", with name: 'crafttweaker:mapletonormal' that outputs: '<item:minecraft:crafting_table>'
[19:53:24.981][INFO][CraftTweaker]: Adding 'minecraft:crafting' recipe, of type: "shapeless", with name: 'crafttweaker:palmtonormal' that outputs: '<item:minecraft:crafting_table>'
[19:53:24.981][INFO][CraftTweaker]: Adding 'minecraft:crafting' recipe, of type: "shapeless", with name: 'crafttweaker:pinetonormal' that outputs: '<item:minecraft:crafting_table>'
[19:53:24.981][INFO][CraftTweaker]: Adding 'minecraft:crafting' recipe, of type: "shapeless", with name: 'crafttweaker:rainbowtonormal' that outputs: '<item:minecraft:crafting_table>'
[19:53:24.981][INFO][CraftTweaker]: Adding 'minecraft:crafting' recipe, of type: "shapeless", with name: 'crafttweaker:redwoodtonormal' that outputs: '<item:minecraft:crafting_table>'
[19:53:24.981][INFO][CraftTweaker]: Adding 'minecraft:crafting' recipe, of type: "shapeless", with name: 'crafttweaker:sakuratonormal' that outputs: '<item:minecraft:crafting_table>'
[19:53:24.982][INFO][CraftTweaker]: Adding 'minecraft:crafting' recipe, of type: "shapeless", with name: 'crafttweaker:skyristonormal' that outputs: '<item:minecraft:crafting_table>'
[19:53:24.982][INFO][CraftTweaker]: Adding 'minecraft:crafting' recipe, of type: "shapeless", with name: 'crafttweaker:mangrovetonormal' that outputs: '<item:minecraft:crafting_table>'
[19:53:24.982][INFO][CraftTweaker]: Adding 'minecraft:crafting' recipe, of type: "shapeless", with name: 'crafttweaker:willowtonormal' that outputs: '<item:minecraft:crafting_table>'
[19:53:24.982][INFO][CraftTweaker]: Adding 'minecraft:crafting' recipe, of type: "shapeless", with name: 'crafttweaker:hazeltonormal' that outputs: '<item:minecraft:crafting_table>'
[19:53:24.982][INFO][CraftTweaker]: Adding 'minecraft:crafting' recipe, of type: "shapeless", with name: 'crafttweaker:zelkovatonormal' that outputs: '<item:minecraft:crafting_table>'
[19:53:24.982][INFO][CraftTweaker]: Adding 'minecraft:crafting' recipe, of type: "shapeless", with name: 'crafttweaker:bbrighttonormal' that outputs: '<item:minecraft:crafting_table>'
[19:53:24.983][INFO][CraftTweaker]: Adding 'minecraft:crafting' recipe, of type: "shapeless", with name: 'crafttweaker:startonormal' that outputs: '<item:minecraft:crafting_table>'
[19:53:24.983][INFO][CraftTweaker]: Adding 'minecraft:crafting' recipe, of type: "shapeless", with name: 'crafttweaker:fbrighttonormal' that outputs: '<item:minecraft:crafting_table>'
[19:53:24.983][INFO][CraftTweaker]: Adding 'minecraft:crafting' recipe, of type: "shapeless", with name: 'crafttweaker:comettonormal' that outputs: '<item:minecraft:crafting_table>'
[19:53:24.983][INFO][CraftTweaker]: Adding 'minecraft:crafting' recipe, of type: "shapeless", with name: 'crafttweaker:lunartonormal' that outputs: '<item:minecraft:crafting_table>'
[19:53:24.983][INFO][CraftTweaker]: Adding 'minecraft:crafting' recipe, of type: "shapeless", with name: 'crafttweaker:dusktonormal' that outputs: '<item:minecraft:crafting_table>'
[19:53:24.984][INFO][CraftTweaker]: Adding 'minecraft:crafting' recipe, of type: "shapeless", with name: 'crafttweaker:bmapletonormal' that outputs: '<item:minecraft:crafting_table>'
[19:53:24.988][INFO][CraftTweaker]: Removing 'crafting' recipes with output: '<item:alexsmobs:blood_sprayer>'
[19:53:25.003][INFO][CraftTweaker]: Removing 'crafting' recipes with output: '<item:alexsmobs:dimensional_carver>'
[19:53:25.013][INFO][CraftTweaker]: Removing 'crafting' recipes with output: '<item:alexsmobs:hemolymph_blaster>'
[19:53:25.023][INFO][CraftTweaker]: Removing 'crafting' recipes with output: '<item:alexsmobs:tendon_whip>'
[19:53:25.032][INFO][CraftTweaker]: Removing 'crafting' recipes with output: '<item:alexsmobs:transmutation_table>'
[19:53:25.041][INFO][CraftTweaker]: Removing 'crafting' recipes with output: '<item:alexsmobs:tarantula_hawk_elytra>'
[19:53:25.050][INFO][CraftTweaker]: Removing 'crafting' recipes with output: '<item:alexsmobs:stink_ray>'
[19:53:25.057][INFO][CraftTweaker]: Removing 'crafting' recipes with output: '<item:aquamirae:maze_rose>'
[19:53:25.063][INFO][CraftTweaker]: Removing 'crafting' recipes with output: '<item:aquamirae:poisoned_blade>'
[19:53:25.068][INFO][CraftTweaker]: Removing 'crafting' recipes with output: '<item:aquamirae:poisoned_chakra>'
[19:53:25.072][INFO][CraftTweaker]: Removing 'crafting' recipes with output: '<item:aquamirae:terrible_sword>'
[19:53:25.076][INFO][CraftTweaker]: Removing 'crafting' recipes with output: '<item:aquamirae:abyssal_heaume>'
[19:53:25.080][INFO][CraftTweaker]: Removing 'crafting' recipes with output: '<item:betterarcheology:bomb>'
[19:53:25.084][INFO][CraftTweaker]: Removing 'crafting' recipes with output: '<item:bosses_of_mass_destruction:monolith_block>'
[19:53:25.087][INFO][CraftTweaker]: Removing 'crafting' recipes with output: '<item:bosses_of_mass_destruction:earthdive_spear>'
[19:53:25.090][INFO][CraftTweaker]: Removing 'crafting' recipes with output: '<item:bosses_of_mass_destruction:charged_ender_pearl>'
[19:53:25.092][INFO][CraftTweaker]: Removing 'crafting' recipes with output: '<item:bosses_of_mass_destruction:levitation_block>'
[19:53:25.093][INFO][CraftTweaker]: Removing 'crafting' recipes with output: '<item:bosses_of_mass_destruction:mob_ward>'
[19:53:25.095][INFO][CraftTweaker]: Removing 'crafting' recipes with output: '<item:born_in_chaos_v1:staffof_blindness>'
[19:53:25.097][INFO][CraftTweaker]: Removing 'crafting' recipes with output: '<item:born_in_chaos_v1:supreme_measure>'
[19:53:25.098][INFO][CraftTweaker]: Removing 'crafting' recipes with output: '<item:born_in_chaos_v1:stop_hammer>'
[19:53:25.100][INFO][CraftTweaker]: Removing 'crafting' recipes with output: '<item:born_in_chaos_v1:staff_of_magic_arrows>'
[19:53:25.104][INFO][CraftTweaker]: Removing 'crafting' recipes with output: '<item:born_in_chaos_v1:bonescaller_staff>'
[19:53:25.107][INFO][CraftTweaker]: Removing 'crafting' recipes with output: '<item:born_in_chaos_v1:death_totem>'
[19:53:25.110][INFO][CraftTweaker]: Removing 'crafting' recipes with output: '<item:born_in_chaos_v1:spider_bite_sword>'
[19:53:25.113][INFO][CraftTweaker]: Removing 'crafting' recipes with output: '<item:born_in_chaos_v1:hound_trap>'
[19:53:25.117][INFO][CraftTweaker]: Removing 'crafting' recipes with output: '<item:born_in_chaos_v1:spiny_shell_trap>'
[19:53:25.121][INFO][CraftTweaker]: Removing 'crafting' recipes with output: '<item:born_in_chaos_v1:damned_demomans_hat_helmet>'
[19:53:25.125][INFO][CraftTweaker]: Removing 'crafting' recipes with output: '<item:born_in_chaos_v1:missionary_hat_helmet>'
[19:53:25.128][INFO][CraftTweaker]: Removing 'crafting' recipes with output: '<item:born_in_chaos_v1:spiritual_guide_sombrero_helmet>'
[19:53:25.133][INFO][CraftTweaker]: Removing 'crafting' recipes with output: '<item:born_in_chaos_v1:lord_pumpkinheads_hat_helmet>'
[19:53:25.136][INFO][CraftTweaker]: Removing 'crafting' recipes with output: '<item:born_in_chaos_v1:pumpkinstaffa>'
[19:53:25.139][INFO][CraftTweaker]: Removing 'crafting' recipes with output: '<item:born_in_chaos_v1:pumpkinhandgun>'
[19:53:25.144][INFO][CraftTweaker]: Removing 'crafting' recipes with output: '<item:born_in_chaos_v1:pumpkin_bullet>'
[19:53:25.154][INFO][CraftTweaker]: Removing 'crafting' recipes with output: '<item:born_in_chaos_v1:phantom_bomb>'
[19:53:25.159][INFO][CraftTweaker]: Removing 'crafting' recipes with output: '<item:born_in_chaos_v1:intoxicatind_bomb>'
[19:53:25.163][INFO][CraftTweaker]: Removing 'crafting' recipes with output: '<item:born_in_chaos_v1:stimulating_bomb>'
[19:53:25.169][INFO][CraftTweaker]: Removing 'crafting' recipes with output: '<item:born_in_chaos_v1:dark_atrium>'
[19:53:25.176][INFO][CraftTweaker]: Removing 'crafting' recipes with output: '<item:born_in_chaos_v1:spiritual_dust>'
[19:53:25.180][INFO][CraftTweaker]: Removing 'crafting' recipes with output: '<item:born_in_chaos_v1:eternal_candy>'
[19:53:25.182][INFO][CraftTweaker]: Removing 'crafting' recipes with output: '<item:born_in_chaos_v1:soul_cutlass>'
[19:53:25.184][INFO][CraftTweaker]: Removing 'crafting' recipes with output: '<item:botania:gravity_rod>'
[19:53:25.186][INFO][CraftTweaker]: Removing 'crafting' recipes with output: '<item:botania:missile_rod>'
[19:53:25.187][INFO][CraftTweaker]: Removing 'crafting' recipes with output: '<item:botania:lens_damage>'
[19:53:25.189][INFO][CraftTweaker]: Removing 'crafting' recipes with output: '<item:botania:lens_explosive>'
[19:53:25.190][INFO][CraftTweaker]: Removing 'crafting' recipes with output: '<item:botania:lens_weight>'
[19:53:25.192][INFO][CraftTweaker]: Removing 'crafting' recipes with output: '<item:botania:loonium>'
[19:53:25.193][INFO][CraftTweaker]: Removing 'crafting' recipes with output: '<item:botania:floating_loonium>'
[19:53:25.195][INFO][CraftTweaker]: Removing 'crafting' recipes with output: '<item:botania:bellethorn>'
[19:53:25.197][INFO][CraftTweaker]: Removing 'crafting' recipes with output: '<item:botania:floating_bellethorn>'
[19:53:25.198][INFO][CraftTweaker]: Removing 'crafting' recipes with output: '<item:botania:bellethorn_chibi>'
[19:53:25.199][INFO][CraftTweaker]: Removing 'crafting' recipes with output: '<item:botania:floating_bellethorn_chibi>'
[19:53:25.201][INFO][CraftTweaker]: Removing 'crafting' recipes with output: '<item:botania:hyacidus>'
[19:53:25.202][INFO][CraftTweaker]: Removing 'crafting' recipes with output: '<item:botania:floating_hyacidus>'
[19:53:25.204][INFO][CraftTweaker]: Removing 'crafting' recipes with output: '<item:botania:mana_bomb>'
[19:53:25.205][INFO][CraftTweaker]: Removing 'crafting' recipes with output: '<item:botania:spawner_mover>'
[19:53:25.207][INFO][CraftTweaker]: Removing 'crafting' recipes with output: '<item:botania:spawner_claw>'
[19:53:25.208][INFO][CraftTweaker]: Removing 'crafting' recipes with output: '<item:botania:thunder_sword>'
[19:53:25.210][INFO][CraftTweaker]: Removing 'crafting' recipes with output: '<item:botania:laputa_shard>'
[19:53:25.211][INFO][CraftTweaker]: Removing 'crafting' recipes with output: '<item:botania:holy_cloak>'
[19:53:25.213][INFO][CraftTweaker]: Removing 'crafting' recipes with output: '<item:botania:unholy_cloak>'
[19:53:25.214][INFO][CraftTweaker]: Removing 'crafting' recipes with output: '<item:botania:balance_cloak>'
[19:53:25.216][INFO][CraftTweaker]: Removing 'crafting' recipes with output: '<item:botania:invisibility_cloak>'
[19:53:25.217][INFO][CraftTweaker]: Removing 'crafting' recipes with output: '<item:botania:magnet_ring>'
[19:53:25.219][INFO][CraftTweaker]: Removing 'crafting' recipes with output: '<item:botania:magnet_ring_greater>'
[19:53:25.220][INFO][CraftTweaker]: Removing 'crafting' recipes with output: '<item:botania:diva_charm>'
[19:53:25.222][INFO][CraftTweaker]: Removing 'crafting' recipes with output: '<item:botania:thorn_chakram>'
[19:53:25.223][INFO][CraftTweaker]: Removing 'crafting' recipes with output: '<item:botania:flare_chakram>'
[19:53:25.225][INFO][CraftTweaker]: Removing 'crafting' recipes with output: '<item:botania:pixie_ring>'
[19:53:25.226][INFO][CraftTweaker]: Removing 'crafting' recipes with output: '<item:botania:elementium_helmet>'
[19:53:25.228][INFO][CraftTweaker]: Removing 'crafting' recipes with output: '<item:botania:elementium_chestplate>'
[19:53:25.230][INFO][CraftTweaker]: Removing 'crafting' recipes with output: '<item:botania:elementium_leggings>'
[19:53:25.232][INFO][CraftTweaker]: Removing 'crafting' recipes with output: '<item:botania:elementium_boots>'
[19:53:25.233][INFO][CraftTweaker]: Removing 'crafting' recipes with output: '<item:botania:elementium_sword>'
[19:53:25.235][INFO][CraftTweaker]: Removing 'crafting' recipes with output: '<item:botania:blood_pendant>'
[19:53:25.236][INFO][CraftTweaker]: Removing 'crafting' recipes with output: '<item:botania:terra_sword>'
[19:53:25.237][INFO][CraftTweaker]: Removing 'crafting' recipes with output: '<item:botania:flight_tiara>'
[19:53:25.239][INFO][CraftTweaker]: Removing 'crafting' recipes with output: '<item:botania:tiny_planet>'
[19:53:25.240][INFO][CraftTweaker]: Removing 'crafting' recipes with output: '<item:botania:tiny_planet_block>'
[19:53:25.242][INFO][CraftTweaker]: Removing 'crafting' recipes with output: '<item:botania:black_hole_talisman>'
[19:53:25.243][INFO][CraftTweaker]: Removing 'crafting' recipes with output: '<item:constructionwand:core_destruction>'
[19:53:25.244][INFO][CraftTweaker]: Removing 'crafting' recipes with output: '<item:constructionwand:infinity_wand>'
[19:53:25.246][INFO][CraftTweaker]: Removing 'crafting' recipes with output: '<item:deeperdarker:warden_leggings>'
[19:53:25.247][INFO][CraftTweaker]: Removing 'crafting' recipes with output: '<item:deeperdarker:soul_elytra>'
[19:53:25.249][INFO][CraftTweaker]: Removing 'crafting' recipes with output: '<item:doggytalents:golden_a_five_wagyu>'
[19:53:25.250][INFO][CraftTweaker]: Removing 'crafting' recipes with output: '<item:doggytalents:sussy_sickle>'
[19:53:25.251][INFO][CraftTweaker]: Removing 'crafting' recipes with output: '<item:lightmanscurrency:coinmint>'
[19:53:25.252][INFO][CraftTweaker]: Removing 'crafting' recipes with output: '<item:lightmanscurrency:speed_upgrade_1>'
[19:53:25.253][INFO][CraftTweaker]: Removing 'crafting' recipes with output: '<item:lightmanscurrency:speed_upgrade_2>'
[19:53:25.254][INFO][CraftTweaker]: Removing 'crafting' recipes with output: '<item:lightmanscurrency:speed_upgrade_3>'
[19:53:25.255][INFO][CraftTweaker]: Removing 'crafting' recipes with output: '<item:lightmanscurrency:speed_upgrade_4>'
[19:53:25.256][INFO][CraftTweaker]: Removing 'crafting' recipes with output: '<item:lightmanscurrency:speed_upgrade_5>'
[19:53:25.257][INFO][CraftTweaker]: Removing 'crafting' recipes with output: '<item:lightmanscurrency:coinblock_copper>'
[19:53:25.258][INFO][CraftTweaker]: Removing 'crafting' recipes with output: '<item:lightmanscurrency:coinblock_iron>'
[19:53:25.259][INFO][CraftTweaker]: Removing 'crafting' recipes with output: '<item:lightmanscurrency:coinblock_gold>'
[19:53:25.260][INFO][CraftTweaker]: Removing 'crafting' recipes with output: '<item:lightmanscurrency:coinblock_emerald>'
[19:53:25.261][INFO][CraftTweaker]: Removing 'crafting' recipes with output: '<item:lightmanscurrency:coinblock_diamond>'
[19:53:25.262][INFO][CraftTweaker]: Removing 'crafting' recipes with output: '<item:lightmanscurrency:coinblock_netherite>'
[19:53:25.262][INFO][CraftTweaker]: Removing 'crafting' recipes with output: '<item:lightmanscurrency:coinblock_chocolate_copper>'
[19:53:25.263][INFO][CraftTweaker]: Removing 'crafting' recipes with output: '<item:lightmanscurrency:coinblock_chocolate_iron>'
[19:53:25.264][INFO][CraftTweaker]: Removing 'crafting' recipes with output: '<item:lightmanscurrency:coinblock_chocolate_gold>'
[19:53:25.265][INFO][CraftTweaker]: Removing 'crafting' recipes with output: '<item:lightmanscurrency:coinblock_chocolate_emerald>'
[19:53:25.266][INFO][CraftTweaker]: Removing 'crafting' recipes with output: '<item:lightmanscurrency:coinblock_chocolate_diamond>'
[19:53:25.267][INFO][CraftTweaker]: Removing 'crafting' recipes with output: '<item:lightmanscurrency:coinblock_chocolate_netherite>'
[19:53:25.268][INFO][CraftTweaker]: Removing 'crafting' recipes with output: '<item:minecraft:elytra>'
[19:53:25.269][INFO][CraftTweaker]: Removing 'crafting' recipes with output: '<item:mmorpg:potions/full_reset_passive>'
[19:53:25.270][INFO][CraftTweaker]: Removing 'crafting' recipes with output: '<item:mmorpg:potions/full_reset_spell>'
[19:53:25.271][INFO][CraftTweaker]: Removing 'crafting' recipes with output: '<item:mmorpg:potions/full_reset_ascendancy>'
[19:53:25.272][INFO][CraftTweaker]: Removing 'crafting' recipes with output: '<item:mmorpg:potions/full_reset_talent>'
[19:53:25.273][INFO][CraftTweaker]: Removing 'crafting' recipes with output: '<item:mmorpg:potions/full_reset_stat>'
[19:53:25.274][INFO][CraftTweaker]: Removing 'crafting' recipes with output: '<item:mmorpg:potions/full_reset_atlas>'
[19:53:25.275][INFO][CraftTweaker]: Removing 'crafting' recipes with output: '<item:mmorpg:potions/reset_points_passive>'
[19:53:25.276][INFO][CraftTweaker]: Removing 'crafting' recipes with output: '<item:mmorpg:potions/reset_points_spell>'
[19:53:25.277][INFO][CraftTweaker]: Removing 'crafting' recipes with output: '<item:mmorpg:potions/reset_points_ascendancy>'
[19:53:25.278][INFO][CraftTweaker]: Removing 'crafting' recipes with output: '<item:mmorpg:potions/reset_points_talent>'
[19:53:25.279][INFO][CraftTweaker]: Removing 'crafting' recipes with output: '<item:mmorpg:potions/reset_points_stat>'
[19:53:25.280][INFO][CraftTweaker]: Removing 'crafting' recipes with output: '<item:mmorpg:potions/reset_points_atlas>'
[19:53:25.281][INFO][CraftTweaker]: Removing 'crafting' recipes with output: '<item:monsterplus:ancient_crystal>'
[19:53:25.282][INFO][CraftTweaker]: Removing 'crafting' recipes with output: '<item:monsterplus:crystal_arrow>'
[19:53:25.283][INFO][CraftTweaker]: Removing 'crafting' recipes with output: '<item:monsterplus:crystal_boots>'
[19:53:25.284][INFO][CraftTweaker]: Removing 'crafting' recipes with output: '<item:monsterplus:crystal_chestplate>'
[19:53:25.285][INFO][CraftTweaker]: Removing 'crafting' recipes with output: '<item:monsterplus:crystal_clump>'
[19:53:25.286][INFO][CraftTweaker]: Removing 'crafting' recipes with output: '<item:monsterplus:crystal_helmet>'
[19:53:25.287][INFO][CraftTweaker]: Removing 'crafting' recipes with output: '<item:monsterplus:crystal_leggings>'
[19:53:25.287][INFO][CraftTweaker]: Removing 'crafting' recipes with output: '<item:monsterplus:crystal_sword>'
[19:53:25.288][INFO][CraftTweaker]: Removing 'crafting' recipes with output: '<item:moresnifferflowers:extraction_bottle>'
[19:53:25.289][INFO][CraftTweaker]: Removing 'crafting' recipes with output: '<item:mowziesmobs:blowgun>'
[19:53:25.290][INFO][CraftTweaker]: Removing 'crafting' recipes with output: '<item:mowziesmobs:dart>'
[19:53:25.291][INFO][CraftTweaker]: Removing 'crafting' recipes with output: '<item:mutantmonsters:mutant_skeleton_chestplate>'
[19:53:25.292][INFO][CraftTweaker]: Removing 'crafting' recipes with output: '<item:mutantmonsters:mutant_skeleton_leggings>'
[19:53:25.293][INFO][CraftTweaker]: Removing 'crafting' recipes with output: '<item:mutantmonsters:mutant_skeleton_boots>'
[19:53:25.294][INFO][CraftTweaker]: Removing 'crafting' recipes with output: '<item:remnant_bosses:ancient_altar>'
[19:53:25.295][INFO][CraftTweaker]: Removing 'crafting' recipes with output: '<item:remnant_bosses:ancient_pedestal>'
[19:53:25.295][INFO][CraftTweaker]: Removing 'crafting' recipes with output: '<item:sophisticatedbackpacks:advanced_magnet_upgrade>'
[19:53:25.296][INFO][CraftTweaker]: Removing 'crafting' recipes with output: '<item:sophisticatedbackpacks:inception_upgrade>'
[19:53:25.297][INFO][CraftTweaker]: Removing 'crafting' recipes with output: '<item:sophisticatedbackpacks:magnet_upgrade>'
[19:53:25.298][INFO][CraftTweaker]: Removing 'crafting' recipes with output: '<item:sophisticatedbackpacks:mob_catcher_upgrade>'
[19:53:25.299][INFO][CraftTweaker]: Removing 'crafting' recipes with output: '<item:sophisticatedbackpacks:advanced_mob_catcher_upgrade>'
[19:53:25.300][INFO][CraftTweaker]: Removing 'crafting' recipes with output: '<item:supplementaries:cannon>'
[19:53:25.301][INFO][CraftTweaker]: Removing 'crafting' recipes with output: '<item:twilightforest:twilight_scepter>'
[19:53:25.302][INFO][CraftTweaker]: Removing 'crafting' recipes with output: '<item:twilightforest:lifedrain_scepter>'
[19:53:25.302][INFO][CraftTweaker]: Removing 'crafting' recipes with output: '<item:twilightforest:zombie_scepter>'
[19:53:25.303][INFO][CraftTweaker]: Removing 'crafting' recipes with output: '<item:twilightforest:fortification_scepter>'
[19:53:25.304][INFO][CraftTweaker]: Removing 'crafting' recipes with output: '<item:wstweaks:blaze_blade>'
[19:53:25.305][INFO][CraftTweaker]: Removing 'crafting' recipes with output: '<item:wstweaks:lava_blade>'
[19:53:25.309][INFO][CraftTweaker]: Adding 'botania:mana_infusion' recipe, with name: 'crafttweaker:flintdupe' that outputs: '<item:minecraft:flint> * 2'
[19:53:25.312][INFO][CraftTweaker]: Setting burn time of: <tag:items:minecraft:wool_carpets> to 0 for type smelting
[19:53:25.313][INFO][CraftTweaker]: Setting burn time of: <tag:items:minecraft:wool> to 0 for type smelting
[19:53:25.323][INFO][CraftTweaker]: Removing 'crafting' recipes with output: '<item:botania:lens_weight>'
[19:53:25.330][INFO][CraftTweaker]: Adding 'minecraft:smelting' recipe, with name: 'crafttweaker:shoveltonetheritescrap' that outputs: '<item:minecraft:netherite_scrap>'
[19:53:25.331][INFO][CraftTweaker]: Adding 'minecraft:smelting' recipe, with name: 'crafttweaker:picktonetheritescrap' that outputs: '<item:minecraft:netherite_scrap>'
[19:53:25.331][INFO][CraftTweaker]: Adding 'minecraft:smelting' recipe, with name: 'crafttweaker:axetonetheritescrap' that outputs: '<item:minecraft:netherite_scrap>'
[19:53:25.331][INFO][CraftTweaker]: Adding 'minecraft:smelting' recipe, with name: 'crafttweaker:hoetonetheritescrap' that outputs: '<item:minecraft:netherite_scrap>'
[19:53:25.331][INFO][CraftTweaker]: Adding 'minecraft:smelting' recipe, with name: 'crafttweaker:swordtonetheritescrap' that outputs: '<item:minecraft:netherite_scrap>'
[19:53:25.331][INFO][CraftTweaker]: Adding 'minecraft:smelting' recipe, with name: 'crafttweaker:helmtonetheritescrap' that outputs: '<item:minecraft:netherite_scrap>'
[19:53:25.331][INFO][CraftTweaker]: Adding 'minecraft:smelting' recipe, with name: 'crafttweaker:chesttonetheritescrap' that outputs: '<item:minecraft:netherite_scrap>'
[19:53:25.331][INFO][CraftTweaker]: Adding 'minecraft:smelting' recipe, with name: 'crafttweaker:leggingstonetheritescrap' that outputs: '<item:minecraft:netherite_scrap>'
[19:53:25.331][INFO][CraftTweaker]: Adding 'minecraft:smelting' recipe, with name: 'crafttweaker:bootstonetheritescrap' that outputs: '<item:minecraft:netherite_scrap>'
[19:53:25.332][INFO][CraftTweaker]: Adding 'minecraft:smelting' recipe, with name: 'crafttweaker:machetetonetheritescrap' that outputs: '<item:minecraft:netherite_scrap>'
[19:53:25.332][INFO][CraftTweaker]: Adding 'minecraft:smelting' recipe, with name: 'crafttweaker:knifetonetheritescrap' that outputs: '<item:minecraft:netherite_scrap>'
[19:53:25.332][INFO][CraftTweaker]: Adding 'minecraft:smelting' recipe, with name: 'crafttweaker:hammertonetheritescrap' that outputs: '<item:minecraft:netherite_scrap>'
[19:53:25.332][INFO][CraftTweaker]: Adding 'minecraft:crafting' recipe, of type: "shapeless", with name: 'crafttweaker:crystaltosand' that outputs: '<item:minecraft:sand>'
[19:53:25.332][INFO][CraftTweaker]: Adding 'minecraft:crafting' recipe, of type: "shapeless", with name: 'crafttweaker:midnighttosand' that outputs: '<item:minecraft:sand>'
[19:53:25.333][INFO][CraftTweaker]: Adding 'minecraft:crafting' recipe, of type: "shapeless", with name: 'crafttweaker:blacksandtosand' that outputs: '<item:minecraft:sand>'
[19:53:25.333][INFO][CraftTweaker]: Adding 'minecraft:crafting' recipe, of type: "shapeless", with name: 'crafttweaker:whitesandtosand' that outputs: '<item:minecraft:sand>'
[19:53:25.333][INFO][CraftTweaker]: Adding 'minecraft:crafting' recipe, of type: "shapeless", with name: 'crafttweaker:bluesandtosand' that outputs: '<item:minecraft:sand>'
[19:53:25.333][INFO][CraftTweaker]: Adding 'minecraft:crafting' recipe, of type: "shapeless", with name: 'crafttweaker:purplesandtosand' that outputs: '<item:minecraft:sand>'
[19:53:25.333][INFO][CraftTweaker]: Adding 'minecraft:crafting' recipe, of type: "shapeless", with name: 'crafttweaker:windsweptsandtosand' that outputs: '<item:minecraft:sand>'
[19:53:25.333][INFO][CraftTweaker]: Adding 'minecraft:crafting' recipe, of type: "shapeless", with name: 'crafttweaker:crackedsandtosand' that outputs: '<item:minecraft:sand>'
[19:53:25.333][INFO][CraftTweaker]: Adding 'minecraft:crafting' recipe, of type: "shapeless", with name: 'crafttweaker:crackedredsandtosand' that outputs: '<item:minecraft:sand>'
[19:53:25.334][INFO][CraftTweaker]: Adding 'minecraft:crafting' recipe, of type: "shapeless", with name: 'crafttweaker:quicksandtosand' that outputs: '<item:minecraft:sand>'
[19:53:25.334][INFO][CraftTweaker]: Adding 'minecraft:crafting' recipe, of type: "shapeless", with name: 'crafttweaker:redquicksandtosand' that outputs: '<item:minecraft:sand>'
[19:53:25.344][INFO][CraftTweaker-ZenCode]: Execution for loader 'crafttweaker' completed successfully
[19:53:25.346][INFO][CraftTweaker]: crafttweaker.reload.complete
